// Jest Snapshot v1, https://goo.gl/fbAQLP

exports[`should render a team’s detail page 1`] = `
<div>
  <a
    href="/teams"
  >
    Teams
  </a>
   » 
  <span>
    Bridge City Sneakers
  </span>
  <h1>
    Bridge City Sneakers
  </h1>
  <p>
    Portland
    , 
    OR
  </p>
  <p>
    <a
      href="/teams/2/edit"
    >
      Edit Team
    </a>
  </p>
</div>
`;
